     3     3     1
   1.000000      0.4764304      0.1625690    
  0.4764304       1.000000      3.2130554E-02
  0.1625690      3.2130554E-02   1.000000    
* row and column names
 hkpp1
 hkpp2
 hkpp3
