     3     3     1
   1.000000      0.3164783      0.2599936    
  0.3164783       1.000000      0.1610420    
  0.2599936      0.1610420       1.000000    
* row and column names
 hkpp1
 hkpp2
 hkpp3
