     3     3     1
   1.000000      0.6939921      0.5222003    
  0.6939921       1.000000      0.4274848    
  0.5222003      0.4274848       1.000000    
* row and column names
 hkpp1
 hkpp2
 hkpp3
