     3     3     1
   1.000000      0.3954850      0.3954850    
  0.3954850       1.000000      0.3528422    
  0.3954850      0.3528422       1.000000    
* row and column names
 hkpp1
 hkpp2
 hkpp3
