     3     3     1
   1.000000      0.8750798      0.6556584    
  0.8750798       1.000000      0.4856718    
  0.6556584      0.4856718       1.000000    
* row and column names
 hkpp1
 hkpp2
 hkpp3
